// Jest Snapshot v1, https://goo.gl/fbAQLP

exports[`FormFieldMessage should render the message 1`] = `
<div
  className="inloco-form-validator__message test-class"
>
  Custom message
</div>
`;
